// Jest Snapshot v1, https://goo.gl/fbAQLP

exports[`forgot password page loads and displays forgot password page 1`] = `
<DocumentFragment>
  <main
    class="MuiContainer-root MuiContainer-maxWidthXs"
  >
    <div
      class="MuiPaper-root MuiCard-root makeStyles-card-2 MuiPaper-outlined MuiPaper-rounded"
    >
      <div
        class="MuiCardContent-root"
      >
        <h1
          class="MuiTypography-root makeStyles-title-3 MuiTypography-h5"
        >
          TeleNavigation 2.0
        </h1>
        <h2
          class="MuiTypography-root makeStyles-signIn-5 MuiTypography-h5"
        >
          Forgot Password
        </h2>
        <form
          class="makeStyles-form-4"
          data-testid="formWrapper"
          novalidate=""
        >
          <h5
            class="makeStyles-headings-8"
          >
            <address>
              A Verification link will be sent to your registered email address
            </address>
             
          </h5>
          <div
            class="MuiFormControl-root MuiTextField-root MuiFormControl-marginNormal MuiFormControl-fullWidth"
          >
            <label
              class="MuiFormLabel-root MuiInputLabel-root MuiInputLabel-formControl MuiInputLabel-animated MuiInputLabel-outlined Mui-required Mui-required"
              data-shrink="false"
              for="email"
              id="email-label"
            >
              E-mail
              <span
                aria-hidden="true"
                class="MuiFormLabel-asterisk MuiInputLabel-asterisk"
              >
                 *
              </span>
            </label>
            <div
              class="MuiInputBase-root MuiOutlinedInput-root MuiInputBase-fullWidth MuiInputBase-formControl"
            >
              <input
                aria-invalid="false"
                class="MuiInputBase-input MuiOutlinedInput-input"
                data-testid="emailInput"
                id="email"
                name="email"
                required=""
                type="text"
                value=""
              />
              <fieldset
                aria-hidden="true"
                class="PrivateNotchedOutline-root-10 MuiOutlinedInput-notchedOutline"
              >
                <legend
                  class="PrivateNotchedOutline-legendLabelled-12"
                >
                  <span>
                    E-mail *
                  </span>
                </legend>
              </fieldset>
            </div>
          </div>
          <div
            class="MuiBox-root MuiBox-root-14"
          >
            <p
              class="MuiTypography-root makeStyles-errorMessage-9 MuiTypography-body1"
            />
          </div>
          <button
            class="MuiButtonBase-root MuiButton-root MuiButton-contained makeStyles-submitBtn-6 Mui-disabled MuiButton-fullWidth Mui-disabled"
            data-testid="forgotPasswordButton"
            disabled=""
            style="background-color: rgb(68, 145, 224);"
            tabindex="-1"
            type="submit"
          >
            <span
              class="MuiButton-label"
            >
              SEND VERIFICATION EMAIL
            </span>
          </button>
        </form>
      </div>
    </div>
  </main>
</DocumentFragment>
`;
